// Vitest Snapshot v1, https://vitest.dev/guide/snapshot.html

exports[`MapComponent - Basic Tests > matches snapshot 1`] = `
<div
  class="leaflet-container leaflet-touch leaflet-grab leaflet-touch-drag leaflet-touch-zoom"
  style="height: 100%; width: 100%; position: relative;"
  tabindex="0"
>
  <div
    class="leaflet-pane leaflet-map-pane"
    style="left: 0px; top: 0px;"
  >
    <div
      class="leaflet-pane leaflet-tile-pane"
    >
      <div
        class="leaflet-layer "
        style="z-index: 1;"
      >
        <div
          class="leaflet-tile-container leaflet-zoom-animated"
          style="z-index: 18; left: 0px; top: 0px;"
        >
          <img
            alt=""
            class="leaflet-tile"
            role="presentation"
            src="https://b.basemaps.cartocdn.com/rastertiles/voyager/13/4149/2818.png"
            style="width: 256px; height: 256px; left: -135px; top: -72px;"
          />
        </div>
      </div>
    </div>
    <div
      class="leaflet-pane leaflet-shadow-pane"
    />
    <div
      class="leaflet-pane leaflet-overlay-pane"
    />
    <div
      class="leaflet-pane leaflet-marker-pane"
    >
      <img
        alt=""
        class="leaflet-marker-icon leaflet-zoom-hide leaflet-interactive"
        src="https://assets.htmlacademy.ru/content/intensive/javascript-1/demo/interactive-map/pin.svg"
        style="margin-left: -20px; margin-top: -40px; width: 40px; height: 40px; left: 0px; top: 0px; z-index: 0;"
        tabindex="0"
      />
    </div>
    <div
      class="leaflet-pane leaflet-tooltip-pane"
    />
    <div
      class="leaflet-pane leaflet-popup-pane"
    />
  </div>
  <div
    class="leaflet-control-container"
  >
    <div
      class="leaflet-top leaflet-left"
    >
      <div
        class="leaflet-control-zoom leaflet-bar leaflet-control"
      >
        <a
          aria-label="Zoom in"
          class="leaflet-control-zoom-in"
          href="#"
          role="button"
          title="Zoom in"
        >
          +
        </a>
        <a
          aria-label="Zoom out"
          class="leaflet-control-zoom-out"
          href="#"
          role="button"
          title="Zoom out"
        >
          −
        </a>
      </div>
    </div>
    <div
      class="leaflet-top leaflet-right"
    />
    <div
      class="leaflet-bottom leaflet-left"
    />
    <div
      class="leaflet-bottom leaflet-right"
    >
      <div
        class="leaflet-control-attribution leaflet-control"
      >
        <a
          href="https://leafletjs.com"
          title="A JS library for interactive maps"
        >
          Leaflet
        </a>
         | © 
        <a
          href="https://www.openstreetmap.org/copyright"
        >
          OpenStreetMap
        </a>
         contributors © 
        <a
          href="https://carto.com/attributions"
        >
          CARTO
        </a>
      </div>
    </div>
  </div>
</div>
`;
