// Vitest Snapshot v1, https://vitest.dev/guide/snapshot.html

exports[`Offer Component > matches snapshot with offer 1`] = `
<div>
  <div
    class="page"
  >
    <header
      class="header"
    >
      <div
        class="container"
      >
        <div
          class="header__wrapper"
        >
          <div
            class="header__left"
          >
            <a
              class="header__logo-link"
              href="/"
            >
              <img
                alt="6 cities logo"
                class="header__logo"
                height="41"
                src="img/logo.svg"
                width="81"
              />
            </a>
          </div>
          <nav
            class="header__nav"
          >
            <ul
              class="header__nav-list"
            >
              <li
                class="header__nav-item"
              >
                <a
                  class="header__nav-link"
                  href="/login"
                >
                  <span
                    class="header__signout"
                  >
                    Sign in
                  </span>
                </a>
              </li>
            </ul>
          </nav>
        </div>
      </div>
    </header>
    <main
      class="page__main page__main--offer"
    >
      <section
        class="offer"
      >
        <div
          class="offer__gallery-container container"
        >
          <div
            class="offer__gallery"
          >
            <div
              class="offer__image-wrapper"
            >
              <img
                alt="temporibus voluptatibus"
                class="offer__image"
                src="https://images.com/1"
              />
            </div>
            <div
              class="offer__image-wrapper"
            >
              <img
                alt="temporibus voluptatibus"
                class="offer__image"
                src="https://images.com/2"
              />
            </div>
            <div
              class="offer__image-wrapper"
            >
              <img
                alt="temporibus voluptatibus"
                class="offer__image"
                src="https://images.com/3"
              />
            </div>
          </div>
        </div>
        <div
          class="offer__container container"
        >
          <div
            class="offer__wrapper"
          >
            <div
              class="offer__name-wrapper"
            >
              <h1
                class="offer__name"
              >
                temporibus voluptatibus
              </h1>
              <button
                class="offer__bookmark-button button offer__bookmark-button--active"
                type="button"
              >
                <svg
                  class="offer__bookmark-icon"
                  height="33"
                  width="31"
                >
                  <use
                    xlink:href="#icon-bookmark"
                  />
                </svg>
                <span
                  class="visually-hidden"
                >
                  In bookmarks
                </span>
              </button>
            </div>
            <div
              class="offer__rating rating"
            >
              <div
                class="offer__stars rating__stars"
              >
                <span
                  style="width: 78%;"
                />
                <span
                  class="visually-hidden"
                >
                  Rating
                </span>
              </div>
              <span
                class="offer__rating-value rating__value"
              >
                3.9
              </span>
            </div>
            <ul
              class="offer__features"
            >
              <li
                class="offer__feature offer__feature--entire"
              >
                room
              </li>
              <li
                class="offer__feature offer__feature--bedrooms"
              >
                5
                 Bedrooms
              </li>
              <li
                class="offer__feature offer__feature--adults"
              >
                Max 
                1
                 adult
              </li>
            </ul>
            <div
              class="offer__price"
            >
              <b
                class="offer__price-value"
              >
                €
                256
              </b>
              <span
                class="offer__price-text"
              >
                 night
              </span>
            </div>
            <div
              class="offer__inside"
            >
              <h2
                class="offer__inside-title"
              >
                What's inside
              </h2>
              <ul
                class="offer__inside-list"
              >
                <li
                  class="offer__inside-item"
                >
                  Washer
                </li>
                <li
                  class="offer__inside-item"
                >
                  Breakfast
                </li>
                <li
                  class="offer__inside-item"
                >
                  Wi-Fi
                </li>
              </ul>
            </div>
            <div
              class="offer__host"
            >
              <h2
                class="offer__host-title"
              >
                Meet the host
              </h2>
              <div
                class="offer__avatar-wrapper user__avatar-wrapper offer__avatar-wrapper--pro"
              >
                <img
                  alt="Host avatar"
                  class="offer__avatar user__avatar"
                  height="74"
                  src="https://cdn.fakercloud.com/avatars/BrianPurkiss_128.jpg"
                  width="74"
                />
              </div>
              <span
                class="offer__user-name"
              >
                Ed O'Hara
              </span>
              <span
                class="offer__user-status"
              >
                Pro
              </span>
              <div
                class="offer__description"
              >
                <p
                  class="offer__text"
                >
                  Eveniet minus repudiandae id. Dignissimos soluta et in. Inventore aspernatur eos molestiae quasi soluta aut totam ipsum sit. Veniam consectetur minima deserunt nihil libero id quos ad. Sunt eaque qui sit iste. Temporibus quas doloremque tempore.
                </p>
              </div>
            </div>
            <section
              class="offer__reviews reviews"
            >
              <section
                class="reviews"
              >
                <h2
                  class="reviews__title"
                >
                  Reviews · 
                  <span
                    class="reviews__amount"
                  >
                    1
                  </span>
                </h2>
                <ul
                  class="reviews__list"
                >
                  <li
                    class="reviews__item"
                  >
                    <div
                      class="reviews__user user"
                    >
                      <div
                        class="reviews__avatar-wrapper user__avatar-wrapper"
                      >
                        <img
                          alt="John Doe"
                          class="reviews__avatar user__avatar"
                          height="54"
                          src="https://example.com/avatar.jpg"
                          width="54"
                        />
                      </div>
                      <span
                        class="reviews__user-name"
                      >
                        John Doe
                      </span>
                      <span
                        class="reviews__user-status"
                      >
                        Pro
                      </span>
                    </div>
                    <div
                      class="reviews__info"
                    >
                      <div
                        class="reviews__rating rating"
                      >
                        <div
                          class="reviews__stars rating__stars"
                        >
                          <span
                            style="width: 90%;"
                          />
                          <span
                            class="visually-hidden"
                          >
                            Rating
                          </span>
                        </div>
                      </div>
                      <p
                        class="reviews__text"
                      >
                        Great place!
                      </p>
                      <time
                        class="reviews__time"
                        datetime="2024-01-15T10:30:00.000Z"
                      >
                        January 2024
                      </time>
                    </div>
                  </li>
                </ul>
              </section>
            </section>
          </div>
        </div>
        <section
          class="offer__map map"
        >
          <div
            class="leaflet-container leaflet-touch leaflet-grab leaflet-touch-drag leaflet-touch-zoom"
            style="height: 100%; width: 100%; position: relative;"
            tabindex="0"
          >
            <div
              class="leaflet-pane leaflet-map-pane"
              style="left: 0px; top: 0px;"
            >
              <div
                class="leaflet-pane leaflet-tile-pane"
              >
                <div
                  class="leaflet-layer "
                  style="z-index: 1;"
                >
                  <div
                    class="leaflet-tile-container leaflet-zoom-animated"
                    style="z-index: 18; left: 0px; top: 0px;"
                  >
                    <img
                      alt=""
                      class="leaflet-tile"
                      role="presentation"
                      src="https://a.basemaps.cartocdn.com/rastertiles/voyager/15/27375/15978.png"
                      style="width: 256px; height: 256px; left: -160px; top: -36px;"
                    />
                  </div>
                </div>
              </div>
              <div
                class="leaflet-pane leaflet-shadow-pane"
              />
              <div
                class="leaflet-pane leaflet-overlay-pane"
              />
              <div
                class="leaflet-pane leaflet-marker-pane"
              >
                <img
                  alt=""
                  class="leaflet-marker-icon leaflet-zoom-hide leaflet-interactive"
                  src="https://assets.htmlacademy.ru/content/intensive/javascript-1/demo/interactive-map/main-pin.svg"
                  style="margin-left: -20px; margin-top: -40px; width: 40px; height: 40px; left: -1767282px; top: -1846715px; z-index: -1846715;"
                  tabindex="0"
                />
                <img
                  alt=""
                  class="leaflet-marker-icon leaflet-zoom-hide leaflet-interactive"
                  src="https://assets.htmlacademy.ru/content/intensive/javascript-1/demo/interactive-map/pin.svg"
                  style="margin-left: -20px; margin-top: -40px; width: 40px; height: 40px; left: 1153993px; top: -206837px; z-index: -206837;"
                  tabindex="0"
                />
                <img
                  alt=""
                  class="leaflet-marker-icon leaflet-zoom-hide leaflet-interactive"
                  src="https://assets.htmlacademy.ru/content/intensive/javascript-1/demo/interactive-map/pin.svg"
                  style="margin-left: -20px; margin-top: -40px; width: 40px; height: 40px; left: -4260117px; top: -1926445px; z-index: -1926445;"
                  tabindex="0"
                />
              </div>
              <div
                class="leaflet-pane leaflet-tooltip-pane"
              />
              <div
                class="leaflet-pane leaflet-popup-pane"
              />
            </div>
            <div
              class="leaflet-control-container"
            >
              <div
                class="leaflet-top leaflet-left"
              >
                <div
                  class="leaflet-control-zoom leaflet-bar leaflet-control"
                >
                  <a
                    aria-label="Zoom in"
                    class="leaflet-control-zoom-in"
                    href="#"
                    role="button"
                    title="Zoom in"
                  >
                    +
                  </a>
                  <a
                    aria-label="Zoom out"
                    class="leaflet-control-zoom-out"
                    href="#"
                    role="button"
                    title="Zoom out"
                  >
                    −
                  </a>
                </div>
              </div>
              <div
                class="leaflet-top leaflet-right"
              />
              <div
                class="leaflet-bottom leaflet-left"
              />
              <div
                class="leaflet-bottom leaflet-right"
              >
                <div
                  class="leaflet-control-attribution leaflet-control"
                >
                  <a
                    href="https://leafletjs.com"
                    title="A JS library for interactive maps"
                  >
                    Leaflet
                  </a>
                   | © 
                  <a
                    href="https://www.openstreetmap.org/copyright"
                  >
                    OpenStreetMap
                  </a>
                   contributors © 
                  <a
                    href="https://carto.com/attributions"
                  >
                    CARTO
                  </a>
                </div>
              </div>
            </div>
          </div>
        </section>
      </section>
      <div
        class="container"
      >
        <section
          class="near-places places"
        >
          <h2
            class="near-places__title"
          >
            Other places in the neighbourhood
          </h2>
          <div
            class="near-places__list places__list"
          >
            <article
              class="cities__card place-card"
            >
              <div
                class="place-card__mark"
              >
                <span>
                  Premium
                </span>
              </div>
              <div
                class="cities__image-wrapper place-card__image-wrapper"
              >
                <a
                  href="/offer/c4b80b89-6e4e-4c88-86d7-7aff6d21a217"
                >
                  <img
                    alt="Place image"
                    class="place-card__image"
                    height="200"
                    src="http://placeimg.com/640/480"
                    width="260"
                  />
                </a>
              </div>
              <div
                class="place-card__info"
              >
                <div
                  class="place-card__price-wrapper"
                >
                  <div
                    class="place-card__price"
                  >
                    <b
                      class="place-card__price-value"
                    >
                      €
                      176
                    </b>
                    <span
                      class="place-card__price-text"
                    >
                      / night
                    </span>
                  </div>
                  <button
                    class="place-card__bookmark-button button "
                    type="button"
                  >
                    <svg
                      class="place-card__bookmark-icon"
                      height="19"
                      width="18"
                    >
                      <use
                        xlink:href="#icon-bookmark"
                      />
                    </svg>
                    <span
                      class="visually-hidden"
                    >
                      To bookmarks
                    </span>
                  </button>
                </div>
                <div
                  class="place-card__rating rating"
                >
                  <div
                    class="place-card__stars rating__stars"
                  >
                    <span
                      style="width: 94%;"
                    />
                    <span
                      class="visually-hidden"
                    >
                      Rating
                    </span>
                  </div>
                </div>
                <h2
                  class="place-card__name"
                >
                  <a
                    href="/offer/c4b80b89-6e4e-4c88-86d7-7aff6d21a217"
                  >
                    ea voluptatem
                  </a>
                </h2>
                <p
                  class="place-card__type"
                >
                  room
                </p>
              </div>
            </article>
            <article
              class="cities__card place-card"
            >
              <div
                class="cities__image-wrapper place-card__image-wrapper"
              >
                <a
                  href="/offer/637a42cc-9c92-4c38-8903-ec35f0bdf04a"
                >
                  <img
                    alt="Place image"
                    class="place-card__image"
                    height="200"
                    src="http://placeimg.com/640/480"
                    width="260"
                  />
                </a>
              </div>
              <div
                class="place-card__info"
              >
                <div
                  class="place-card__price-wrapper"
                >
                  <div
                    class="place-card__price"
                  >
                    <b
                      class="place-card__price-value"
                    >
                      €
                      75
                    </b>
                    <span
                      class="place-card__price-text"
                    >
                      / night
                    </span>
                  </div>
                  <button
                    class="place-card__bookmark-button button "
                    type="button"
                  >
                    <svg
                      class="place-card__bookmark-icon"
                      height="19"
                      width="18"
                    >
                      <use
                        xlink:href="#icon-bookmark"
                      />
                    </svg>
                    <span
                      class="visually-hidden"
                    >
                      To bookmarks
                    </span>
                  </button>
                </div>
                <div
                  class="place-card__rating rating"
                >
                  <div
                    class="place-card__stars rating__stars"
                  >
                    <span
                      style="width: 20%;"
                    />
                    <span
                      class="visually-hidden"
                    >
                      Rating
                    </span>
                  </div>
                </div>
                <h2
                  class="place-card__name"
                >
                  <a
                    href="/offer/637a42cc-9c92-4c38-8903-ec35f0bdf04a"
                  >
                    perspiciatis quo
                  </a>
                </h2>
                <p
                  class="place-card__type"
                >
                  house
                </p>
              </div>
            </article>
          </div>
        </section>
      </div>
    </main>
  </div>
</div>
`;

exports[`Offer Component > matches snapshot without offer 1`] = `
<div>
  <div
    class="page"
  >
    <header
      class="header"
    >
      <div
        class="container"
      >
        <div
          class="header__wrapper"
        >
          <div
            class="header__left"
          >
            <a
              class="header__logo-link"
              href="/"
            >
              <img
                alt="6 cities logo"
                class="header__logo"
                height="41"
                src="img/logo.svg"
                width="81"
              />
            </a>
          </div>
          <nav
            class="header__nav"
          >
            <ul
              class="header__nav-list"
            >
              <li
                class="header__nav-item"
              >
                <a
                  class="header__nav-link"
                  href="/login"
                >
                  <span
                    class="header__signout"
                  >
                    Sign in
                  </span>
                </a>
              </li>
            </ul>
          </nav>
        </div>
      </div>
    </header>
    <main
      class="page__main page__main--offer"
    >
      <h2
        style="padding: 40px;"
      >
        Offer not found
      </h2>
    </main>
  </div>
</div>
`;
