// Vitest Snapshot v1, https://vitest.dev/guide/snapshot.html

exports[`Footer Component > matches snapshot 1`] = `
<div>
  <footer
    class="footer container"
  >
    <a
      class="footer__logo-link"
      href="/"
    >
      <img
        alt="6 cities logo"
        class="footer__logo"
        height="33"
        src="img/logo.svg"
        width="64"
      />
    </a>
  </footer>
</div>
`;
