// Vitest Snapshot v1, https://vitest.dev/guide/snapshot.html

exports[`ReviewsList Component > matches snapshot with empty reviews 1`] = `
<div>
  <section
    class="reviews"
  >
    <h2
      class="reviews__title"
    >
      Reviews · 
      <span
        class="reviews__amount"
      >
        0
      </span>
    </h2>
    <ul
      class="reviews__list"
    />
  </section>
</div>
`;

exports[`ReviewsList Component > matches snapshot with reviews 1`] = `
<div>
  <section
    class="reviews"
  >
    <h2
      class="reviews__title"
    >
      Reviews · 
      <span
        class="reviews__amount"
      >
        2
      </span>
    </h2>
    <ul
      class="reviews__list"
    >
      <li
        class="reviews__item"
      >
        <div
          class="reviews__user user"
        >
          <div
            class="reviews__avatar-wrapper user__avatar-wrapper"
          >
            <img
              alt="John Doe"
              class="reviews__avatar user__avatar"
              height="54"
              src="https://example.com/avatar.jpg"
              width="54"
            />
          </div>
          <span
            class="reviews__user-name"
          >
            John Doe
          </span>
          <span
            class="reviews__user-status"
          >
            Pro
          </span>
        </div>
        <div
          class="reviews__info"
        >
          <div
            class="reviews__rating rating"
          >
            <div
              class="reviews__stars rating__stars"
            >
              <span
                style="width: 90%;"
              />
              <span
                class="visually-hidden"
              >
                Rating
              </span>
            </div>
          </div>
          <p
            class="reviews__text"
          >
            This is a great place!
          </p>
          <time
            class="reviews__time"
            datetime="2024-01-15T10:30:00.000Z"
          >
            January 2024
          </time>
        </div>
      </li>
      <li
        class="reviews__item"
      >
        <div
          class="reviews__user user"
        >
          <div
            class="reviews__avatar-wrapper user__avatar-wrapper"
          >
            <img
              alt="John Doe"
              class="reviews__avatar user__avatar"
              height="54"
              src="https://example.com/avatar.jpg"
              width="54"
            />
          </div>
          <span
            class="reviews__user-name"
          >
            John Doe
          </span>
          <span
            class="reviews__user-status"
          >
            Pro
          </span>
        </div>
        <div
          class="reviews__info"
        >
          <div
            class="reviews__rating rating"
          >
            <div
              class="reviews__stars rating__stars"
            >
              <span
                style="width: 90%;"
              />
              <span
                class="visually-hidden"
              >
                Rating
              </span>
            </div>
          </div>
          <p
            class="reviews__text"
          >
            This is a great place!
          </p>
          <time
            class="reviews__time"
            datetime="2024-01-15T10:30:00.000Z"
          >
            January 2024
          </time>
        </div>
      </li>
    </ul>
  </section>
</div>
`;

exports[`ReviewsList Component > matches snapshot with single review 1`] = `
<div>
  <section
    class="reviews"
  >
    <h2
      class="reviews__title"
    >
      Reviews · 
      <span
        class="reviews__amount"
      >
        1
      </span>
    </h2>
    <ul
      class="reviews__list"
    >
      <li
        class="reviews__item"
      >
        <div
          class="reviews__user user"
        >
          <div
            class="reviews__avatar-wrapper user__avatar-wrapper"
          >
            <img
              alt="John Doe"
              class="reviews__avatar user__avatar"
              height="54"
              src="https://example.com/avatar.jpg"
              width="54"
            />
          </div>
          <span
            class="reviews__user-name"
          >
            John Doe
          </span>
          <span
            class="reviews__user-status"
          >
            Pro
          </span>
        </div>
        <div
          class="reviews__info"
        >
          <div
            class="reviews__rating rating"
          >
            <div
              class="reviews__stars rating__stars"
            >
              <span
                style="width: 90%;"
              />
              <span
                class="visually-hidden"
              >
                Rating
              </span>
            </div>
          </div>
          <p
            class="reviews__text"
          >
            This is a great place!
          </p>
          <time
            class="reviews__time"
            datetime="2024-01-15T10:30:00.000Z"
          >
            January 2024
          </time>
        </div>
      </li>
    </ul>
  </section>
</div>
`;
