// Vitest Snapshot v1, https://vitest.dev/guide/snapshot.html

exports[`NotFoundPage Component > matches snapshot 1`] = `
<div>
  <div
    class="not-found-container"
  >
    <div
      class="not-found-title"
    >
      404
    </div>
    <div
      class="not-found-text"
    >
      Страница не найдена
    </div>
    <a
      class="button-link"
      href="/"
    >
      Вернуться на главную страницу
    </a>
  </div>
</div>
`;
