// Vitest Snapshot v1, https://vitest.dev/guide/snapshot.html

exports[`NearOffersList Component > matches snapshot with empty offers 1`] = `
<div>
  <section
    class="near-places places"
  >
    <h2
      class="near-places__title"
    >
      Other places in the neighbourhood
    </h2>
    <div
      class="near-places__list places__list"
    />
  </section>
</div>
`;

exports[`NearOffersList Component > matches snapshot with offers 1`] = `
<div>
  <section
    class="near-places places"
  >
    <h2
      class="near-places__title"
    >
      Other places in the neighbourhood
    </h2>
    <div
      class="near-places__list places__list"
    >
      <article
        class="cities__card place-card"
      >
        <div
          class="cities__image-wrapper place-card__image-wrapper"
        >
          <a
            href="/offer/1ae5b396-0c8f-4d01-a03e-1e5fec5dd24f"
          >
            <img
              alt="Place image"
              class="place-card__image"
              height="200"
              src="http://placeimg.com/640/480"
              width="260"
            />
          </a>
        </div>
        <div
          class="place-card__info"
        >
          <div
            class="place-card__price-wrapper"
          >
            <div
              class="place-card__price"
            >
              <b
                class="place-card__price-value"
              >
                €
                351
              </b>
              <span
                class="place-card__price-text"
              >
                / night
              </span>
            </div>
            <button
              class="place-card__bookmark-button button place-card__bookmark-button--active"
              type="button"
            >
              <svg
                class="place-card__bookmark-icon"
                height="19"
                width="18"
              >
                <use
                  xlink:href="#icon-bookmark"
                />
              </svg>
              <span
                class="visually-hidden"
              >
                In bookmarks
              </span>
            </button>
          </div>
          <div
            class="place-card__rating rating"
          >
            <div
              class="place-card__stars rating__stars"
            >
              <span
                style="width: 50%;"
              />
              <span
                class="visually-hidden"
              >
                Rating
              </span>
            </div>
          </div>
          <h2
            class="place-card__name"
          >
            <a
              href="/offer/1ae5b396-0c8f-4d01-a03e-1e5fec5dd24f"
            >
              est recusandae
            </a>
          </h2>
          <p
            class="place-card__type"
          >
            apartment
          </p>
        </div>
      </article>
      <article
        class="cities__card place-card"
      >
        <div
          class="place-card__mark"
        >
          <span>
            Premium
          </span>
        </div>
        <div
          class="cities__image-wrapper place-card__image-wrapper"
        >
          <a
            href="/offer/bf8ac90a-fb41-4400-8dd1-9f4503356a37"
          >
            <img
              alt="Place image"
              class="place-card__image"
              height="200"
              src="http://placeimg.com/640/480"
              width="260"
            />
          </a>
        </div>
        <div
          class="place-card__info"
        >
          <div
            class="place-card__price-wrapper"
          >
            <div
              class="place-card__price"
            >
              <b
                class="place-card__price-value"
              >
                €
                376
              </b>
              <span
                class="place-card__price-text"
              >
                / night
              </span>
            </div>
            <button
              class="place-card__bookmark-button button "
              type="button"
            >
              <svg
                class="place-card__bookmark-icon"
                height="19"
                width="18"
              >
                <use
                  xlink:href="#icon-bookmark"
                />
              </svg>
              <span
                class="visually-hidden"
              >
                To bookmarks
              </span>
            </button>
          </div>
          <div
            class="place-card__rating rating"
          >
            <div
              class="place-card__stars rating__stars"
            >
              <span
                style="width: 48%;"
              />
              <span
                class="visually-hidden"
              >
                Rating
              </span>
            </div>
          </div>
          <h2
            class="place-card__name"
          >
            <a
              href="/offer/bf8ac90a-fb41-4400-8dd1-9f4503356a37"
            >
              nobis nulla
            </a>
          </h2>
          <p
            class="place-card__type"
          >
            apartment
          </p>
        </div>
      </article>
    </div>
  </section>
</div>
`;
